33f80000 T _start
33f80020 t _undefined_instruction
33f80024 t _software_interrupt
33f80028 t _prefetch_abort
33f8002c t _data_abort
33f80030 t _not_used
33f80034 t _irq
33f80038 t _fiq
33f80040 t _TEXT_BASE
33f80044 T _armboot_start
33f80048 T _bss_start
33f8004c T _bss_end
33f80050 T FREE_RAM_END
33f80054 T FREE_RAM_SIZE
33f80058 T PreLoadedONRAM
33f8005c T IRQ_STACK_START
33f80060 T FIQ_STACK_START
33f80064 t reset
33f800a8 t stack_setup
33f800c0 t relocate
33f800e0 t clear_bss
33f800ec t clbss_l
33f800fc t SetLoadFlag
33f80118 t _start_armboot
33f8011c t cpu_init_crit
33f80160 t undefined_instruction
33f801c0 t software_interrupt
33f80220 t prefetch_abort
33f80280 t data_abort
33f802e0 t not_used
33f80340 T Launch
33f803b0 t On_Steppingstone
33f80400 t irq
33f80414 t int_return
33f80420 t fiq
33f804a0 t s3c2410_wait_idle
33f804b8 t s3c2410_nand_select_chip
33f804cc t s3c2410_nand_deselect_chip
33f804e0 t s3c2410_write_cmd
33f804f4 t s3c2410_write_addr
33f80528 t s3c2440_wait_idle
33f80540 t s3c2440_nand_select_chip
33f80554 t s3c2440_nand_deselect_chip
33f80568 t s3c2440_write_cmd
33f8057c t wait_idle
33f805a4 t nand_select_chip
33f805cc t nand_deselect_chip
33f805f4 t write_cmd
33f8061c t read_data
33f8065c T nand_init_ll
33f806ec T nand_read_ll
33f807c4 T nand_read_ll_lp
33f808b8 T bBootFrmNORFlash
33f808e0 T CopyCode2Ram
33f8095c t delay
33f80968 T clock_init
33f80a1c t _TEXT_BASE
33f80a20 T lowlevel_init
33f80a4c t SMRDATA
33f80a80 T enable_interrupts
33f80a90 T disable_interrupts
33f80aac T show_regs
33f80bec T bad_mode
33f80c08 T do_irq
33f80c2c T do_fiq
33f80c50 T do_not_used
33f80c74 T do_data_abort
33f80c98 T do_prefetch_abort
33f80cbc T do_software_interrupt
33f80ce0 T do_undefined_instruction
33f80d04 t READ_TIMER
33f80d18 T set_timer
33f80d28 T reset_timer_masked
33f80d48 T reset_timer
33f80d4c T get_timer_masked
33f80d94 T get_timer
33f80da8 T udelay
33f80e00 T udelay_masked
33f80e74 T get_ticks
33f80e88 T get_tbclk
33f80e94 T reset_cpu
33f80eb4 T ClearPending
33f80ed0 T Timer_InitEx
33f80f1c T IsrWatchdog
33f80f4c T IsrTimer4
33f80f6c T Isr_Init
33f81000 T IRQ_Handle
33f81050 T Dummy_isr
33f81078 T Timer_StopEx
33f810f0 T Timer_StartEx
33f8114c T interrupt_init
33f811c0 t get_PLLCLK
33f8124c T get_UCLK
33f81254 T get_FCLK
33f8125c T get_HCLK
33f81300 T get_PCLK
33f813b8 T __udivsi3
33f813d0 t Loop1
33f813e4 t Lbignum
33f813f8 t Loop3
33f81438 t Lgot_result
33f81440 t Ldiv0
33f81450 T sbrk
33f81484 T hang
33f81494 t display_dram_config
33f814c4 t display_banner
33f814e4 t init_baudrate
33f81540 T start_armboot
33f81748 T __div0
33f8174c t __fswab16
33f81764 t __fswab32
33f81784 t startAgainTimeout
33f81798 t startAgainHandler
33f8179c T NetSetHandler
33f817ac T NetCksum
33f817f4 T NetCksumOk
33f81818 T copy_filename
33f81870 T string_to_VLAN
33f818bc T getenv_VLAN
33f818cc T string_to_ip
33f81930 T getenv_IPaddr
33f81940 T NetEthHdrSize
33f81984 T VLAN_to_string
33f819e4 T ip_to_string
33f81a24 T print_IPaddr
33f81a40 t NetCopyIP
33f81a48 T NetSetIP
33f81b48 T NetSetEther
33f81bf4 t NetReadIP
33f81c10 t PingHandler
33f81c38 t NetWriteIP
33f81c54 T NetSendPacket
33f81c58 T ArpRequest
33f81d44 T NetReceive
33f8220c T PingSend
33f82348 T NetSetTimeout
33f82378 T NetSendUDPPacket
33f824b0 T NetStartAgain
33f8252c T ArpTimeoutCheck
33f825a0 t PingTimeout
33f825bc T NetLoop
33f829a0 t __fswab16
33f829b8 t TftpSend
33f82b18 T TftpStart
33f82d10 t TftpTimeout
33f82d6c t TftpHandler
33f82fa0 t __fswab16
33f82fb8 t __fswab32
33f82fd8 t truncate_sz
33f8300c t NetWriteIP
33f83028 t NetCopyIP
33f83030 t NetReadLong
33f8304c T BootpRequest
33f83250 t BootpHandler
33f83578 t BootpTimeout
33f835c0 T RarpRequest
33f836c8 t RarpHandler
33f83724 t RarpTimeout
33f8376c T eth_initialize
33f83774 t __fswab32
33f83794 t NfsTimeout
33f837b8 t basename
33f837f4 t dirname
33f83810 t rpc_add_credentials
33f838e8 t rpc_lookup_reply
33f83988 t nfs_mount_reply
33f83a1c t nfs_umountall_reply
33f83a9c t nfs_lookup_reply
33f83b28 t rpc_req
33f83c30 t rpc_lookup_req
33f83c94 t nfs_mount_req
33f83d24 t nfs_umountall_req
33f83d7c t nfs_lookup_req
33f83e20 t nfs_read_req
33f83e98 t nfs_readlink_req
33f83ee8 t NfsSend
33f83f7c T NfsStart
33f841b4 t nfs_readlink_reply
33f842a8 t nfs_read_reply
33f843dc t NfsHandler
33f845bc t flash_write8
33f845c8 t flash_write16
33f845d8 t flash_write32
33f845e0 t flash_write64
33f845e8 t __flash_read64
33f845e8 W flash_read64
33f845fc T flash_sector_size
33f84640 t flash_map
33f84654 t flash_unmap
33f84658 t flash_make_cmd
33f846ac t flash_read_uchar
33f846c4 t flash_write_cmd
33f8475c t flash_unlock_seq
33f8478c t flash_isequal
33f84848 t flash_isset
33f8490c t flash_add_byte
33f849b0 t find_sector
33f849d4 t cfi_reverse_geometry
33f84a84 t cmdset_intel_read_jedec_ids
33f84af8 t cmdset_amd_read_jedec_ids
33f84be8 T flash_get_size
33f851f4 T flash_read_jedec_ids
33f85250 T flash_init
33f853fc t flash_status_check
33f855e0 t flash_full_status_check
33f85758 t flash_write_cfiword
33f85960 T write_buff
33f860ac T flash_print_info
33f862bc T flash_erase
33f864c4 T jedec_flash_match
33f8668c T jedec_flash_probe
33f866ec t dm9000_outblk_8bit
33f86710 t dm9000_outblk_16bit
33f86744 t dm9000_outblk_32bit
33f86774 t dm9000_inblk_8bit
33f86798 t dm9000_inblk_16bit
33f867cc t dm9000_inblk_32bit
33f867fc t dm9000_rx_status_32bit
33f8681c t dm9000_rx_status_16bit
33f8683c t dm9000_rx_status_8bit
33f8686c t DM9000_ior
33f86880 t DM9000_iow
33f86898 T write_srom_word
33f868f4 T read_srom_word
33f86948 t phy_write
33f869a8 T eth_halt
33f869e0 t phy_read
33f86a38 t dm9000_reset
33f86ad8 T eth_rx
33f86c10 T eth_send
33f86ce0 T eth_init
33f87274 T nand_init
33f872fc t generic_ffs
33f87354 t nand_release_device
33f8736c t nand_read_byte
33f8737c t nand_write_byte
33f87390 t nand_read_byte16
33f873a4 t nand_write_byte16
33f873b8 t nand_read_word
33f873c8 t nand_write_word
33f873e0 t nand_write_buf
33f87414 t nand_read_buf
33f8743c t nand_verify_buf
33f87484 t nand_write_buf16
33f874bc t nand_read_buf16
33f874f4 t nand_verify_buf16
33f87540 t nand_check_wp
33f8757c t nand_block_checkbad
33f87590 T nand_write_calmecc
33f87820 t nand_write_oob
33f879d0 t single_erase_cmd
33f87a0c t multi_erase_cmd
33f87a98 t nand_sync
33f87a9c t nand_block_isbad
33f87ad4 t nand_block_markbad
33f87b10 T nand_release
33f87b4c T nand_erase_nand
33f87d34 t nand_erase
33f87d3c T nand_scan
33f88624 t nand_prepare_oobbuf
33f8870c t nand_write_ecc
33f88cac t nand_write
33f88cd8 t nand_read_oob
33f88ec0 t nand_read_ecc
33f89534 t nand_read
33f89560 t nand_command_lp
33f89774 t nand_block_bad
33f89890 t nand_command
33f89aa0 T nand_read_raw
33f89c08 t nand_default_block_markbad
33f89cb0 t nand_select_chip
33f89d14 t nand_wait
33f89df0 T nand_calculate_ecc
33f89f00 T nand_correct_data
33f8a090 t check_pattern
33f8a148 T nand_isbad_bbt
33f8a198 t read_bbt
33f8a3a0 t read_abs_bbt
33f8a478 t write_bbt
33f8aaf4 T nand_update_bbt
33f8ac44 t mark_bbt_region
33f8adc4 t create_bbt
33f8af68 t search_bbt
33f8b164 T nand_scan_bbt
33f8b5a4 T nand_default_bbt
33f8b668 T _WrDbgStrFifo
33f8b698 T DbgPrintf
33f8b6a4 T IsrUsbd
33f8b794 T UsbdMain
33f8b7a8 t RdPktEp3_CheckSum
33f8b800 T ClearEp3OutPktReady
33f8b828 T IsrDma2
33f8b9cc T Ep3Handler
33f8bb88 T InitDescriptorTable
33f8bcac T PrintEp0Pkt
33f8bcf0 T Ep0Handler
33f8c7fc T Port_Init
33f8c8fc T Clk0_Enable
33f8c930 T Clk1_Enable
33f8c964 T Clk0_Disable
33f8c980 T Clk1_Disable
33f8c99c T HaltDabort
33f8c9b0 T HaltPabort
33f8c9c4 T HaltSwi
33f8c9d8 T HaltUndef
33f8c9ec T usb_init
33f8cb60 T awaitkey
33f8cbd0 T usb_receive
33f8ce18 T PrepareEp1Fifo
33f8ce88 T Ep1Handler
33f8cf38 T ReconfigUsbd
33f8d090 T ConfigUsbd
33f8d0b4 T RdPktEp0
33f8d0e0 T WrPktEp0
33f8d10c T WrPktEp1
33f8d138 T WrPktEp2
33f8d164 T RdPktEp3
33f8d190 T RdPktEp4
33f8d1bc T ConfigEp3DmaMode
33f8d288 T ConfigEp3IntMode
33f8d2e0 T run_command
33f8d758 T do_run
33f8d7d8 t delete_char
33f8d8b4 T readline
33f8da84 T main_loop
33f8dc98 t __fswab32
33f8dcb8 T autoscript
33f8de68 T do_autoscript
33f8dea8 t print_num
33f8debc T do_bdinfo
33f8df90 T do_go
33f8e014 t __fswab32
33f8e034 T gunzip
33f8e18c t zfree
33f8e194 t zalloc
33f8e1a4 T print_image_hdr
33f8e5a0 t do_imls
33f8e6bc t image_info
33f8e7ac T do_iminfo
33f8e80c T do_bootd
33f8e830 T do_bootm
33f8edf4 t on_off
33f8ee30 T do_dcache
33f8eeb4 T do_icache
33f8ef38 T do_coninfo
33f8f02c t cnvrt2
33f8f070 T mk_date
33f8f238 T do_date
33f8f34c T valid_elf_image
33f8f3c0 T load_elf_image
33f8f4c8 T do_bootvx
33f8f64c T do_bootelf
33f8f6f0 t flash_fill_sect_ranges
33f8f8a0 T flash_sect_protect
33f8f998 t addr_spec
33f8fafc t abbrev_spec
33f8fc48 T do_protect
33f8ffd4 T flash_sect_erase
33f900b4 T do_flerase
33f9030c T do_flinfo
33f90388 t evalstr
33f903a4 t evalexp
33f903f0 T binary_test
33f905d0 T do_itest
33f90678 t __list_add
33f9068c t list_add_tail
33f90698 t list_del
33f906b8 t list_empty
33f906cc t device_find
33f90720 t jffs2_part_info
33f907a8 t part_validate
33f90984 t index_partitions
33f90a40 t memsize_format
33f90a9c t current_save
33f90b38 t part_sort_add
33f90c5c t part_delall
33f90c94 t device_delall
33f90ce8 t devices_init
33f90d10 t device_del
33f90d74 t memsize_parse
33f90ddc t device_parse
33f91280 T id_parse
33f91364 T find_dev_and_part
33f91504 t generate_mtdparts_save
33f91800 T mtdparts_init
33f91e18 T do_jffs2_mtdparts
33f92380 T do_jffs2_chpart
33f92430 T do_jffs2_fsinfo
33f924bc T do_jffs2_ls
33f92534 T do_jffs2_fsload
33f926b0 T ktrans
33f926d8 T chk1
33f92708 t bin_data_init
33f92724 t bin_data_char
33f92758 T k_data_init
33f92778 T k_data_save
33f927a0 T k_data_restore
33f927c8 T k_data_char
33f9281c T send_pad
33f9284c T s1_sendpacket
33f92878 T handle_send_packet
33f92a3c T send_nack
33f92a9c T send_ack
33f92afc t load_serial_xmodem
33f92c34 t load_serial_ymodem
33f92d6c t getcxmodem
33f92d8c T do_load_serial_bin
33f93224 t load_serial
33f93448 T do_load_serial
33f93524 T do_mem_base
33f93568 T do_mem_crc
33f93620 T do_mem_mtest
33f93748 T cmd_get_data_size
33f937c0 T do_mem_loop
33f938c4 T do_mem_cp
33f939f4 T do_mem_cmp
33f93b98 T do_mem_mw
33f93c6c t mod_mem
33f93dc8 T do_mem_nm
33f93de8 T do_mem_mm
33f93e08 T do_mem_md
33f93fe4 T do_sleep
33f94074 t __fswab32
33f94094 t nand_read
33f940b0 t str2long
33f940ec t arg_off_size
33f9429c t nand_load_image
33f943cc T do_nandboot
33f945e0 T do_nand
33f95274 T do_ping
33f952fc t netboot_common
33f955ac T do_nfs
33f955b8 T do_rarpb
33f955c4 T do_tftpb
33f955d0 T do_bootp
33f955dc t envmatch
33f9564c T getenv_r
33f9570c T do_saveenv
33f95738 T getenv
33f957b4 T _do_setenv
33f95c38 T do_setenv
33f95c78 T setenv
33f95ca8 T do_printenv
33f95e4c T do_usbslave
33f95f8c T param_menu_usage
33f95fe8 T main_menu_usage
33f960b8 T param_menu_shell
33f961e4 T menu_shell
33f9649c T do_menu
33f964ac T find_cmd
33f96540 T do_echo
33f965bc T do_help
33f96760 T do_version
33f96780 t console_setfile
33f96824 T fgetc
33f9684c T ftstc
33f96874 T fputc
33f968a0 T fputs
33f968c8 T disable_ctrlc
33f968e0 T had_ctrlc
33f968f0 T clear_ctrlc
33f96904 T dbg
33f96910 T console_init_f
33f96920 T console_assign
33f969b0 T fprintf
33f969fc T puts
33f96a18 T vprintf
33f96a48 T printf
33f96a8c T console_init_r
33f96c2c T serial_printf
33f96c70 T putc
33f96c90 T tstc
33f96ca8 T getc
33f96cc0 T ctrlc
33f96d10 T devices_done
33f96d2c T device_register
33f96d50 T devices_init
33f96dfc T malloc_bin_reloc
33f96e34 T malloc_usable_size
33f96e78 T mallopt
33f96ee4 T malloc_trim
33f96fb0 T free
33f971e0 T cfree
33f971e4 T malloc
33f977bc T memalign
33f978cc T pvalloc
33f978e4 T valloc
33f978f0 T calloc
33f979d0 T realloc
33f97e40 T env_get_char_memory
33f97e60 T env_get_addr
33f97e80 t env_get_char_init
33f97ea0 T env_crc_update
33f97ecc T env_relocate
33f97f5c T env_get_char_spec
33f97f68 T env_init
33f97f84 T saveenv
33f98048 t use_default
33f980d4 T env_relocate_spec
33f98154 t dummy
33f98158 T get_version
33f98160 T jumptable_init
33f98218 T flash_protect
33f98314 T addr2info
33f9835c T flash_perror
33f9843c T flash_write
33f985a4 T GetHandleSize
33f985ac T ListSetAllocationPolicy
33f985c0 T ListGetPtrToItem
33f985f8 T ListGetDataPtr
33f98604 T ListGetItemSize
33f98610 T ListNumItems
33f9861c T ListGetItems
33f9866c T SetHandleSize
33f986e8 T ListInsertItems
33f988b4 T ListInsertItem
33f988bc T DisposeHandle
33f988dc T ListDispose
33f988e0 T NewHandle
33f9893c T ListCreate
33f9899c t hex1_bin
33f989d8 t hex2_bin
33f98a0c T srec_decode
33f98c7c T parse_num
33f98da4 T xyzModem_error
33f98e40 T xyzModem_stream_close
33f98e8c T CYGACC_COMM_IF_PUTC
33f98e98 T CYGACC_COMM_IF_GETC_TIMEOUT
33f98eec t xyzModem_flush
33f98f14 T xyzModem_stream_terminate
33f98fec t xyzModem_get_hdr
33f99278 T xyzModem_stream_read
33f99504 T xyzModem_stream_open
33f99660 T cyg_crc16
33f996a8 T crc32
33f997bc T crc32_no_comp
33f998c8 T print_size
33f99964 T display_options
33f99984 T strcpy
33f999a0 T strncpy
33f999c8 T strcat
33f999fc T strncat
33f99a60 T strcmp
33f99a98 T strncmp
33f99ae8 T strchr
33f99b14 T strlen
33f99b34 T strrchr
33f99b6c T strnlen
33f99b94 T strspn
33f99bd8 T strpbrk
33f99c18 T strtok
33f99c98 T strsep
33f99ccc T strswab
33f99d18 T memset
33f99d38 T bcopy
33f99d64 T memcpy
33f99d88 T memmove
33f99de4 T memcmp
33f99e24 T memscan
33f99e54 T strstr
33f99eb8 T memchr
33f99ee8 T strdup
33f99f18 T simple_strtoul
33f99fd0 T simple_strtol
33f99ff8 t skip_atoi
33f9a030 t number
33f9a29c T panic
33f9a2ec T vsprintf
33f9a6dc T sprintf
33f9a704 t falloc
33f9a728 t ffree
33f9a72c t inflate_trees_free
33f9a760 t huft_build
33f9ad4c t inflate_trees_fixed
33f9af40 t inflate_codes_new
33f9af90 t inflate_codes_free
33f9afb0 t inflate_blocks_reset
33f9b07c T inflateEnd
33f9b114 T inflateReset
33f9b174 T inflateSync
33f9b274 T inflateInit2
33f9b3b8 T inflateInit
33f9b3c0 T adler32
33f9b538 T inflateIncomp
33f9b664 t inflate_flush
33f9b7e0 T inflate
33f9d444 T board_init
33f9d518 T dram_init
33f9d538 T board_flash_get_legacy
33f9d554 t read_p15_c1
33f9d55c t write_p15_c1
33f9d564 t cp_delay
33f9d590 T cpu_init
33f9d5e8 T icache_enable
33f9d604 T icache_disable
33f9d620 T icache_status
33f9d634 T dcache_enable
33f9d650 T dcache_disable
33f9d66c T dcache_status
33f9d680 T cleanup_before_linux
33f9d6a8 T do_reset
33f9d6c0 t S3C24X0_GetBase_UART
33f9d6cc T serial_getc
33f9d6ec T serial_putc
33f9d724 T serial_tstc
33f9d73c T serial_puts
33f9d764 T serial_setbrg
33f9d7b4 T serial_init
33f9d7c4 t s3c2410_nand_select_chip
33f9d7e8 t s3c2410_nand_devready
33f9d7f8 t s3c2440_nand_select_chip
33f9d81c t s3c2440_nand_devready
33f9d82c T board_nand_init
33f9d900 t s3c2440_nand_hwcontrol
33f9d964 t s3c2410_nand_hwcontrol
33f9d9c8 T __ashldi3
33f9d9e4 T __ashrdi3
33f9da00 T __divsi3
33f9db18 t Ldiv0
33f9db40 T __modsi3
33f9dc14 t Ldiv0
33f9dc40 T __umodsi3
33f9dc54 t Loop1
33f9dc68 t Lbignum
33f9dc7c t Loop3
33f9dce4 t Ldiv0
33f9dcf4 t __fswab32
33f9dd14 t setup_start_tag
33f9dd50 t setup_memory_tags
33f9dd8c t setup_end_tag
33f9dda8 t setup_commandline_tag
33f9de24 T do_bootm_rawLinux
33f9de8c T do_bootm_linux
33f9e0d4 T flush_cache
33f9e0d8 T cramfs_check
33f9e144 t cramfs_read_super
33f9e278 T cramfs_info
33f9e34c t cramfs_resolve
33f9e46c t cramfs_uncompress
33f9e514 t cramfs_list_inode
33f9e66c T cramfs_ls
33f9e7d0 T cramfs_load
33f9e8a8 T cramfs_uncompress_exit
33f9e8c0 T cramfs_uncompress_init
33f9e91c t zfree
33f9e924 t zalloc
33f9e934 T cramfs_uncompress_block
33f9e980 t get_fl_mem_nor
33f9e9b8 T mkmodestr
33f9ead4 t insert_node
33f9eb90 t put_fl_mem
33f9ebb4 t free_nodes
33f9ebdc T jffs2_free_cache
33f9ec08 t get_fl_mem_nand
33f9edbc t get_node_mem
33f9ee7c t get_fl_mem
33f9eed0 T jffs2_1pass_rescan_needed
33f9ef3c t jffs2_get_list
33f9f3a8 T jffs2_1pass_info
33f9f4e0 t jffs2_1pass_find_inode
33f9f660 t jffs2_1pass_search_inode
33f9f794 t jffs2_1pass_read_inode
33f9fa1c T jffs2_1pass_load
33f9fcd8 t jffs2_1pass_search_list_inodes
33fa0328 T jffs2_1pass_ls
33fa037c T rtime_decompress
33fa0454 T rubin_do_decompress
33fa0548 T dynrubin_decompress
33fa0588 T zlib_decompress
33fa05a0 T cramfs_memset
33fa05c4 T pull_bits
33fa0620 T pull_bit
33fa0654 t read_symbol
33fa06dc t decompress_huffman
33fa0810 t fill_code_tables
33fa08ec t init_code_tables
33fa0928 T decompress_block
33fa0ec4 T GregorianDay
33fa0fb8 T to_tm
33fa10c0 T mktime
33fa1154 t SetRTC_Access
33fa1184 t bcd2bin
33fa119c t bin2bcd
33fa11d0 T rtc_get
33fa12d0 T rtc_set
33fa1368 T rtc_reset
33fa138c t nand_block_bad_scrub
33fa1394 T nand_lock
33fa1404 T nand_unlock
33fa152c T nand_get_lock_status
33fa15b8 T nand_read_opts
33fa1954 T nand_write_opts
33fa1e40 T nand_erase_opts
33fa2190 r C.7.1831
33fa2210 R version_string
33fa2240 r flash_offset_cfi
33fa2248 r C.66.2993
33fa2250 r jedec_table
33fa3540 r unlock_addrs
33fa3578 r default_nand_name
33fa357d r C.19.3302
33fa357f r __FUNCTION__.3145
33fa3590 r nand_ecc_precalc_table
33fa3690 r descStr0
33fa3694 r descStr1
33fa36aa r descStr2
33fa36d8 r mtdids_default
33fa36dc r mtdparts_default
33fa36e0 r baudrate_table
33fa36f4 r crc16_tab
33fa38f4 r crc_table
33fa3cf4 r border
33fa3d40 r inflate_mask
33fa3d84 r __FUNCTION__.2735
33fa3d9b r __FUNCTION__.2699
33fa3db4 r l.2901
33fa3db8 r spinner
33fa3dbc r compr_names
33fa3dd8 r year_lengths.1924
33fa3de0 r mon_lengths.1923
33fa3e40 r day_name.1900
33fa3e55 r mon_name.1901
33fa3e7c r huffman_order
33fa3e90 r C.7.1869
33fabe0c D init_sequence
33fabe38 D NetOurVLAN
33fabe3a D NetBcastAddr
33fabe40 D NetOurNativeVLAN
33fabe44 d nfs_offset
33fabe48 D nand_curr_device
33fabe4c d ffchars
33fabe8c d nand_oob_8
33fabf54 d nand_oob_16
33fac01c d nand_oob_64
33fac0e4 D nand_flash_ids
33fac5f4 D nand_manuf_ids
33fac62c d bbt_main_descr
33fac650 d bbt_mirror_descr
33fac674 d agand_flashbased
33fac698 d smallpage_flashbased
33fac6bc d largepage_flashbased
33fac6e0 d smallpage_memorybased
33fac704 d largepage_memorybased
33fac728 d bbt_pattern
33fac72c d mirror_pattern
33fac730 d scan_agand_pattern
33fac736 d scan_ff_pattern
33fac738 D Selfpwr
33fac739 D Configuration
33fac73a d erase_seq
33fac73e d tab_seq
33fac748 D load_addr
33fac74c D weekdays
33fac768 D op_table
33fac7d0 d do_echo
33fac7d4 D dp_last_length
33fac7d8 D g_bUSBWait
33fac7dc D stdio_names
33fac7e8 d av_
33facbf0 d trim_threshold
33facbf4 d mmap_threshold
33facbf8 d sbrk_base
33facbfc D default_environment
33faccf4 D env_get_char
33faccf8 D default_environment_size
33faccfc D env_name_spec
33facd00 D _ctype
33face00 d fixed_left
33face04 d cplens
33face80 d cplext
33facefc d cpdist
33facf74 d cpdext
33facfec D zlib_version
33facff0 D z_errmsg
33fad010 d nand_cache_off
33fad014 d month_days
33fad044 d autoplace_oobinfo
33fad10c d jffs2_oobinfo
33fad1d4 d yaffs_oobinfo
33fad29c A __u_boot_cmd_start
33fad29c D __u_boot_cmd_autoscr
33fad2b4 D __u_boot_cmd_bdinfo
33fad2cc D __u_boot_cmd_go
33fad2e4 D __u_boot_cmd_reset
33fad2fc D __u_boot_cmd_bootm
33fad314 D __u_boot_cmd_boot
33fad32c D __u_boot_cmd_bootd
33fad344 D __u_boot_cmd_iminfo
33fad35c D __u_boot_cmd_imls
33fad374 D __u_boot_cmd_icache
33fad38c D __u_boot_cmd_dcache
33fad3a4 D __u_boot_cmd_coninfo
33fad3bc D __u_boot_cmd_date
33fad3d4 D __u_boot_cmd_bootelf
33fad3ec D __u_boot_cmd_bootvx
33fad404 D __u_boot_cmd_flinfo
33fad41c D __u_boot_cmd_erase
33fad434 D __u_boot_cmd_protect
33fad44c D __u_boot_cmd_itest
33fad464 D __u_boot_cmd_fsload
33fad47c D __u_boot_cmd_ls
33fad494 D __u_boot_cmd_fsinfo
33fad4ac D __u_boot_cmd_chpart
33fad4c4 D __u_boot_cmd_mtdparts
33fad4dc D __u_boot_cmd_loads
33fad4f4 D __u_boot_cmd_loadb
33fad50c D __u_boot_cmd_loadx
33fad524 D __u_boot_cmd_loady
33fad53c D __u_boot_cmd_md
33fad554 D __u_boot_cmd_mm
33fad56c D __u_boot_cmd_nm
33fad584 D __u_boot_cmd_mw
33fad59c D __u_boot_cmd_cp
33fad5b4 D __u_boot_cmd_cmp
33fad5cc D __u_boot_cmd_crc32
33fad5e4 D __u_boot_cmd_base
33fad5fc D __u_boot_cmd_loop
33fad614 D __u_boot_cmd_mtest
33fad62c D __u_boot_cmd_sleep
33fad644 D __u_boot_cmd_nand
33fad65c D __u_boot_cmd_nboot
33fad674 D __u_boot_cmd_bootp
33fad68c D __u_boot_cmd_tftpboot
33fad6a4 D __u_boot_cmd_rarpboot
33fad6bc D __u_boot_cmd_nfs
33fad6d4 D __u_boot_cmd_ping
33fad6ec D __u_boot_cmd_printenv
33fad704 D __u_boot_cmd_setenv
33fad71c D __u_boot_cmd_saveenv
33fad734 D __u_boot_cmd_run
33fad74c D __u_boot_cmd_usbslave
33fad764 D __u_boot_cmd_menu
33fad77c D __u_boot_cmd_version
33fad794 D __u_boot_cmd_echo
33fad7ac D __u_boot_cmd_help
33fad7c4 D __u_boot_cmd_question_mark
33fad7dc A __bss_start
33fad7dc A __u_boot_cmd_end
33fad7dc b timestamp
33fad7e0 b lastdec
33fad7e4 B timer_load_val
33fad7e8 B intregs
33fad7ec b intCount
33fad7f0 B g_TimerIntHappen
33fad7f4 B isr_handle_array
33fad8bc b mem_malloc_brk
33fad8c0 b mem_malloc_start
33fad8c4 b mem_malloc_end
33fad8c8 B monitor_flash_len
33fad8cc B NetState
33fad8d0 b packetHandler
33fad8d4 B NetIPID
33fad8d8 B NetOurIP
33fad8dc B NetOurEther
33fad8e4 B NetPingIP
33fad8e8 B NetTxPacket
33fad8ec B NetArpWaitPacketIP
33fad8f0 B NetOurSubnetMask
33fad8f4 B NetOurGatewayIP
33fad8f8 B NetArpWaitReplyIP
33fad8fc B NetRxPkt
33fad900 B NetRxPktLen
33fad904 B NetArpWaitPacketMAC
33fad908 B NetArpWaitTxPacket
33fad90c B NetArpWaitTxPacketSize
33fad910 B NetServerIP
33fad914 B NetServerEther
33fad91a b mac.2494
33fad920 B NetEtherNullAddr
33fad926 b PingSeqNo
33fad928 B NetArpWaitTry
33fad92c B NetArpWaitTimerStart
33fad930 b timeHandler
33fad934 b timeStart
33fad938 b timeDelta
33fad93c B PktBuf
33faf75c B NetRxPackets
33faf76c B NetArpWaitPacketBuf
33fafd8c B NetBootFileXferSize
33fafd90 B NetOurDNSIP
33fafd94 B NetOurNISDomain
33fafdb4 B NetOurHostName
33fafdd4 B NetOurRootPath
33fafe14 B NetBootFileSize
33fafe16 B BootFile
33fafe98 b TftpState
33fafe9c b tftp_filename
33fafea0 b TftpBlock
33fafea4 b TftpServerPort
33fafea8 b TftpOurPort
33fafeac b default_filename
33fafebc b TftpTimeoutCount
33fafec0 b TftpBlockWrap
33fafec4 b TftpBlockWrapOffset
33fafec8 b TftpLastBlock
33fafecc B BootpTry
33fafed0 B BootpID
33fafed4 B RarpTry
33fafed8 b rpc_id
33fafedc b NfsSrvMountPort
33fafee0 b NfsSrvNfsPort
33fafee4 b fs_mounted
33fafee8 b dirfh
33faff08 b filefh
33faff28 b NfsServerIP
33faff2c b NfsOurPort
33faff30 b NfsState
33faff34 b nfs_path
33faff38 b nfs_filename
33faff3c b nfs_len
33faff40 b NfsDownloadState
33faff44 b nfs_path_buff
33fb0744 b default_filename
33fb0784 b NfsTimeoutCount
33fb0788 B flash_info
33fb11c4 b dm9000_info
33fb1270 b nfloor
33fb1274 B nand_info
33fb13bc b nand_chip
33fb1478 B dbgStrWrPt
33fb147c B dbgStrFifo
33fb247c B dbgStrRdPt
33fb2480 B ep3Buf
33fb24a0 B descDev
33fb24b4 B descConf
33fb24c0 B descIf
33fb24cc B descEndpt0
33fb24d4 B descEndpt1
33fb24dc B ep0State
33fb24e0 B descSetup
33fb24e8 b ep0SubState.2433
33fb24ec B ConfigSet
33fb24f0 B Rwuen
33fb24f4 B StatusGet
33fb24fc B InterfaceGet
33fb2500 B ep0SubState
33fb2504 B AlterSetting
33fb2505 B device_status
33fb2506 B interface_status
33fb2507 B endpoint0_status
33fb2508 B endpoint1_status
33fb2509 B endpoint3_status
33fb250c B gpioregs
33fb2510 B clk_powerregs
33fb2514 B usbdevregs
33fb2518 B dmaregs
33fb251c B isUsbdSetConfiguration
33fb2520 B download_run
33fb2524 B dwUSBBufBase
33fb2528 B dwUSBBufReadPtr
33fb252c B dwUSBBufWritePtr
33fb2530 B bDMAPending
33fb2534 B tempDownloadAddress
33fb2538 B downloadAddress
33fb253c B downPt
33fb2540 B downloadFileSize
33fb2544 B dwWillDMACnt
33fb2548 B totalDmaCount
33fb254c B restart
33fb2550 B err
33fb2554 B menuUsed
33fb2558 B run
33fb255c B checkSum
33fb2560 B dwUSBBufSize
33fb2564 B consoleNum
33fb2568 B transferIndex
33fb256c B ep1Buf
33fb258c B console_buffer
33fb268c b lastcommand.1874
33fb278c B header
33fb27cc B devices
33fb27d4 b current_dev
33fb27d8 b current_partnum
33fb27d9 b last_partition
33fb27e9 b last_parts
33fb29ec B mtdids
33fb29f4 b initialized.3188
33fb29f8 b last_ids
33fb2a78 b os_data_state
33fb2a7c B os_data_count
33fb2a80 b os_data_addr
33fb2a84 b bin_start_address
33fb2a88 b k_data_escape
33fb2a8c B os_data_init
33fb2a90 b k_data_escape_saved
33fb2a94 b os_data_state_saved
33fb2a98 b os_data_count_saved
33fb2a9c b os_data_addr_saved
33fb2aa0 B os_data_char
33fb2aa4 B his_quote
33fb2aa8 B his_pad_count
33fb2aac B his_pad_char
33fb2aad B his_eol
33fb2ab0 B send_ptr
33fb2ab4 B send_parms
33fb2ac8 b a_b
33fb2ae0 B os_data_header
33fb2b00 b base_address
33fb2b04 B mm_last_addr
33fb2b08 B mm_last_size
33fb2b0c B dp_last_addr
33fb2b10 B dp_last_size
33fb2b14 B g_dwDownloadLen
33fb2b18 b ctrlc_disabled
33fb2b1c b ctrlc_was_pressed
33fb2b20 B devlist
33fb2b24 B stdio_devices
33fb2b30 b top_pad
33fb2b34 b n_mmaps_max
33fb2b38 b current_mallinfo
33fb2b60 b max_sbrked_mem
33fb2b64 b max_total_mem
33fb2b68 B env_ptr
33fb2b6c b xyz
33fb2fa8 B ___strtok
33fb2fac b fixed_mem
33fb403c b fixed_lock
33fb4040 b fixed_built
33fb4044 b fixed_bl
33fb4048 b fixed_tl
33fb404c b fixed_bd
33fb4050 b fixed_td
33fb4054 b params
33fb4058 B super
33fb40a4 b stream
33fb40d8 b current_part
33fb40dc b nand_cache
33fb40e0 b none_oobinfo
33fb41a8 b data_buf
33fb49a8 b oob_buf
33fb49e8 A _end
